2025-09-11 06:25:58,914 - TRANSITION - INFO - 🚀 Starting TRANSITION-FOCUSED Ptracker Analysis
2025-09-11 06:25:58,914 - TRANSITION - INFO -    ✨ Analyzes STATE TRANSITIONS not raw register values
2025-09-11 06:25:58,916 - TRANSITION - INFO -    🎯 Shows 0x0→0x1→0x0 patterns for easier debugging
2025-09-11 06:25:58,917 - TRANSITION - INFO - Finding log files...
2025-09-11 06:25:58,927 - TRANSITION - INFO - 📊 Found 11 passing, 25 failing
2025-09-11 06:25:58,929 - TRANSITION - INFO - 🔨 STEP 1: Extracting transitions from passing tests
2025-09-11 06:25:58,929 - TRANSITION - INFO - Extracting passing transitions from 11 files
2025-09-11 06:25:59,321 - TRANSITION - INFO - Using pattern 2 - found 153273 matches
2025-09-11 06:26:00,206 - TRANSITION - INFO - Using pattern 2 - found 168679 matches
2025-09-11 06:26:01,124 - TRANSITION - INFO - Using pattern 2 - found 149441 matches
2025-09-11 06:26:02,043 - TRANSITION - INFO - Using pattern 2 - found 168479 matches
2025-09-11 06:26:02,973 - TRANSITION - INFO - Using pattern 2 - found 143175 matches
2025-09-11 06:26:03,438 - TRANSITION - INFO -    Processed 5/11 files...
2025-09-11 06:26:04,315 - TRANSITION - INFO - Using pattern 2 - found 284817 matches
2025-09-11 06:26:06,431 - TRANSITION - INFO - Using pattern 2 - found 387483 matches
2025-09-11 06:26:10,012 - TRANSITION - INFO - Using pattern 2 - found 749304 matches
2025-09-11 06:26:12,729 - TRANSITION - INFO - Using pattern 2 - found 170056 matches
2025-09-11 06:26:13,891 - TRANSITION - INFO - Using pattern 2 - found 164109 matches
2025-09-11 06:26:14,404 - TRANSITION - INFO -    Processed 10/11 files...
2025-09-11 06:26:16,913 - TRANSITION - INFO - Using pattern 2 - found 702876 matches
2025-09-11 06:26:19,012 - TRANSITION - INFO - Successfully processed 11 passing tests
2025-09-11 06:26:19,012 - TRANSITION - INFO - 📚 STEP 2: Building reference transition model
2025-09-11 06:26:19,012 - TRANSITION - INFO - Building reference transition model...
2025-09-11 06:26:19,101 - TRANSITION - INFO - Built 7738 reference transition patterns
2025-09-11 06:26:19,102 - TRANSITION - INFO - 🔍 STEP 3: Extracting transitions from failing tests
2025-09-11 06:26:19,102 - TRANSITION - INFO - Extracting failing transitions from 25 files
2025-09-11 06:26:20,323 - TRANSITION - INFO - Using pattern 2 - found 303319 matches
2025-09-11 06:26:21,690 - TRANSITION - INFO - Using pattern 2 - found 139264 matches
2025-09-11 06:26:23,535 - TRANSITION - INFO - Using pattern 2 - found 359557 matches
2025-09-11 06:26:25,786 - TRANSITION - INFO - Using pattern 2 - found 353334 matches
2025-09-11 06:26:27,331 - TRANSITION - INFO - Using pattern 2 - found 139228 matches
2025-09-11 06:26:27,999 - TRANSITION - INFO -    Processed 5/25 files...
2025-09-11 06:26:28,580 - TRANSITION - INFO - Using pattern 2 - found 149008 matches
2025-09-11 06:26:30,528 - TRANSITION - INFO - Using pattern 2 - found 446331 matches
2025-09-11 06:26:32,579 - TRANSITION - INFO - Using pattern 2 - found 126606 matches
2025-09-11 06:26:34,441 - TRANSITION - INFO - Using pattern 2 - found 393482 matches
2025-09-11 06:26:37,192 - TRANSITION - INFO - Using pattern 2 - found 455529 matches
2025-09-11 06:26:38,500 - TRANSITION - INFO -    Processed 10/25 files...
2025-09-11 06:26:39,119 - TRANSITION - INFO - Using pattern 2 - found 134905 matches
2025-09-11 06:26:41,024 - TRANSITION - INFO - Using pattern 2 - found 365884 matches
2025-09-11 06:26:42,931 - TRANSITION - INFO - Using pattern 2 - found 235650 matches
2025-09-11 06:26:44,995 - TRANSITION - INFO - Using pattern 2 - found 288159 matches
2025-09-11 06:26:46,532 - TRANSITION - INFO - Using pattern 2 - found 149042 matches
2025-09-11 06:26:46,991 - TRANSITION - INFO -    Processed 15/25 files...
2025-09-11 06:26:48,006 - TRANSITION - INFO - Using pattern 2 - found 282829 matches
2025-09-11 06:26:49,559 - TRANSITION - INFO - Using pattern 2 - found 151847 matches
2025-09-11 06:26:50,732 - TRANSITION - INFO - Using pattern 2 - found 134875 matches
2025-09-11 06:26:53,368 - TRANSITION - INFO - Using pattern 2 - found 605030 matches
2025-09-11 06:26:56,028 - TRANSITION - INFO - Using pattern 2 - found 226528 matches
2025-09-11 06:26:56,731 - TRANSITION - INFO -    Processed 20/25 files...
2025-09-11 06:26:57,743 - TRANSITION - INFO - Using pattern 2 - found 239606 matches
2025-09-11 06:26:59,874 - TRANSITION - INFO - Using pattern 2 - found 427588 matches
2025-09-11 06:27:03,390 - TRANSITION - INFO - Using pattern 2 - found 599375 matches
2025-09-11 06:27:06,123 - TRANSITION - INFO - Using pattern 2 - found 236615 matches
2025-09-11 06:27:07,682 - TRANSITION - INFO - Using pattern 2 - found 144180 matches
2025-09-11 06:27:08,139 - TRANSITION - INFO -    Processed 25/25 files...
2025-09-11 06:27:08,139 - TRANSITION - INFO - Successfully processed 25 failing tests
2025-09-11 06:27:08,139 - TRANSITION - INFO - 🤖 STEP 4: Transition analysis
2025-09-11 06:27:08,139 - TRANSITION - INFO - Analyzing failing transitions against reference patterns...
2025-09-11 06:27:09,108 - TRANSITION - INFO - Found transition mismatches in 25 tests
2025-09-11 06:27:09,108 - TRANSITION - INFO - 🤖 Generating transition-focused AI analysis...
2025-09-11 06:27:09,194 - TRANSITION - INFO - 💾 STEP 5: Saving transition results
2025-09-11 06:27:09,194 - TRANSITION - INFO - 💾 Saving transition analysis results...
2025-09-11 06:27:09,200 - TRANSITION - INFO - ✅ Transition results saved:
2025-09-11 06:27:09,200 - TRANSITION - INFO -    📋 Summary: transition_summary_20250911_062709.json
2025-09-11 06:27:09,202 - TRANSITION - INFO -    📝 Hints: transition_hints_20250911_062709.txt
