2025-09-08 04:54:00,305 - TRANSITION - INFO - 🚀 Starting TRANSITION-FOCUSED Ptracker Analysis
2025-09-08 04:54:00,305 - TRANSITION - INFO -    ✨ Analyzes STATE TRANSITIONS not raw register values
2025-09-08 04:54:00,306 - TRANSITION - INFO -    🎯 Shows 0x0→0x1→0x0 patterns for easier debugging
2025-09-08 04:54:00,306 - TRANSITION - INFO - Finding log files...
2025-09-08 04:54:00,310 - TRANSITION - INFO - 📊 Found 11 passing, 25 failing
2025-09-08 04:54:00,311 - TRANSITION - INFO - 🔨 STEP 1: Extracting transitions from passing tests
2025-09-08 04:54:00,311 - TRANSITION - INFO - Extracting passing transitions from 11 files
2025-09-08 04:54:00,732 - TRANSITION - INFO - Using pattern 2 - found 153273 matches
2025-09-08 04:54:01,731 - TRANSITION - INFO - Using pattern 2 - found 168679 matches
2025-09-08 04:54:02,737 - TRANSITION - INFO - Using pattern 2 - found 149441 matches
2025-09-08 04:54:03,737 - TRANSITION - INFO - Using pattern 2 - found 168479 matches
2025-09-08 04:54:04,742 - TRANSITION - INFO - Using pattern 2 - found 143175 matches
2025-09-08 04:54:05,279 - TRANSITION - INFO -    Processed 5/11 files...
2025-09-08 04:54:06,033 - TRANSITION - INFO - Using pattern 2 - found 284817 matches
2025-09-08 04:54:08,051 - TRANSITION - INFO - Using pattern 2 - found 387483 matches
2025-09-08 04:54:11,341 - TRANSITION - INFO - Using pattern 2 - found 749304 matches
2025-09-08 04:54:14,409 - TRANSITION - INFO - Using pattern 2 - found 170056 matches
2025-09-08 04:54:15,464 - TRANSITION - INFO - Using pattern 2 - found 164109 matches
2025-09-08 04:54:16,166 - TRANSITION - INFO -    Processed 10/11 files...
2025-09-08 04:54:17,992 - TRANSITION - INFO - Using pattern 2 - found 702876 matches
2025-09-08 04:54:20,381 - TRANSITION - INFO - Successfully processed 11 passing tests
2025-09-08 04:54:20,381 - TRANSITION - INFO - 📚 STEP 2: Building reference transition model
2025-09-08 04:54:20,382 - TRANSITION - INFO - Building reference transition model...
2025-09-08 04:54:20,606 - TRANSITION - INFO - Built 7738 reference transition patterns
2025-09-08 04:54:20,607 - TRANSITION - INFO - 🔍 STEP 3: Extracting transitions from failing tests
2025-09-08 04:54:20,610 - TRANSITION - INFO - Extracting failing transitions from 25 files
2025-09-08 04:54:21,292 - TRANSITION - INFO - Using pattern 2 - found 303319 matches
2025-09-08 04:54:22,667 - TRANSITION - INFO - Using pattern 2 - found 139264 matches
2025-09-08 04:54:24,130 - TRANSITION - INFO - Using pattern 2 - found 359557 matches
2025-09-08 04:54:26,150 - TRANSITION - INFO - Using pattern 2 - found 353334 matches
2025-09-08 04:54:27,683 - TRANSITION - INFO - Using pattern 2 - found 139228 matches
2025-09-08 04:54:28,363 - TRANSITION - INFO -    Processed 5/25 files...
2025-09-08 04:54:28,698 - TRANSITION - INFO - Using pattern 2 - found 149008 matches
2025-09-08 04:54:30,221 - TRANSITION - INFO - Using pattern 2 - found 446331 matches
2025-09-08 04:54:32,213 - TRANSITION - INFO - Using pattern 2 - found 126606 matches
2025-09-08 04:54:33,543 - TRANSITION - INFO - Using pattern 2 - found 393482 matches
2025-09-08 04:54:35,889 - TRANSITION - INFO - Using pattern 2 - found 455529 matches
2025-09-08 04:54:37,476 - TRANSITION - INFO -    Processed 10/25 files...
2025-09-08 04:54:37,783 - TRANSITION - INFO - Using pattern 2 - found 134905 matches
2025-09-08 04:54:39,327 - TRANSITION - INFO - Using pattern 2 - found 365884 matches
2025-09-08 04:54:41,092 - TRANSITION - INFO - Using pattern 2 - found 235650 matches
2025-09-08 04:54:42,562 - TRANSITION - INFO - Using pattern 2 - found 288159 matches
2025-09-08 04:54:43,898 - TRANSITION - INFO - Using pattern 2 - found 149042 matches
2025-09-08 04:54:44,724 - TRANSITION - INFO -    Processed 15/25 files...
2025-09-08 04:54:45,340 - TRANSITION - INFO - Using pattern 2 - found 282829 matches
2025-09-08 04:54:46,645 - TRANSITION - INFO - Using pattern 2 - found 151847 matches
2025-09-08 04:54:47,490 - TRANSITION - INFO - Using pattern 2 - found 134875 matches
2025-09-08 04:54:49,300 - TRANSITION - INFO - Using pattern 2 - found 605030 matches
2025-09-08 04:54:51,851 - TRANSITION - INFO - Using pattern 2 - found 226528 matches
2025-09-08 04:54:53,004 - TRANSITION - INFO -    Processed 20/25 files...
2025-09-08 04:54:53,536 - TRANSITION - INFO - Using pattern 2 - found 239606 matches
2025-09-08 04:54:55,327 - TRANSITION - INFO - Using pattern 2 - found 427588 matches
2025-09-08 04:54:58,118 - TRANSITION - INFO - Using pattern 2 - found 599375 matches
2025-09-08 04:55:00,678 - TRANSITION - INFO - Using pattern 2 - found 236615 matches
2025-09-08 04:55:01,849 - TRANSITION - INFO - Using pattern 2 - found 144180 matches
2025-09-08 04:55:02,780 - TRANSITION - INFO -    Processed 25/25 files...
2025-09-08 04:55:02,781 - TRANSITION - INFO - Successfully processed 25 failing tests
2025-09-08 04:55:02,781 - TRANSITION - INFO - 🤖 STEP 4: Transition analysis
2025-09-08 04:55:02,781 - TRANSITION - INFO - Analyzing failing transitions against reference patterns...
2025-09-08 04:55:03,289 - TRANSITION - INFO - Found transition mismatches in 25 tests
2025-09-08 04:55:03,289 - TRANSITION - INFO - 🤖 Generating transition-focused AI analysis...
2025-09-08 04:55:03,389 - TRANSITION - INFO - 💾 STEP 5: Saving transition results
2025-09-08 04:55:03,389 - TRANSITION - INFO - 💾 Saving transition analysis results...
2025-09-08 04:55:03,398 - TRANSITION - INFO - ✅ Transition results saved:
2025-09-08 04:55:03,398 - TRANSITION - INFO -    📋 Summary: transition_summary_20250908_045503.json
2025-09-08 04:55:03,400 - TRANSITION - INFO -    📝 Hints: transition_hints_20250908_045503.txt
